
> thoth-app@0.1.0 build
> next build

node.exe : ÔÜá Warning: 
Next.js inferred your 
workspace root, but it may 
not be correct.
En línea: 1 Carácter: 1
+ & "C:\Program 
Files\nodejs/node.exe" 
"C:\Program 
Files\nodejs/node_mo ...
+ ~~~~~~~~~~~~~~~~~~~~~~~~~~~
~~~~~~~~~~~~~~~~~~~~~~~~~~~~~
~~~~~~~~~~~~~
    + CategoryInfo           
   : NotSpecified: (ÔÜá War  
  ning: Ne...not be correc   
 t.:String) [], RemoteExc    
eption
    + FullyQualifiedErrorId  
   : NativeCommandError
 
 We detected multiple 
lockfiles and selected the 
directory of D:\proyectos ant
igravity\package-lock.json 
as the root directory.
 To silence this warning, 
set `turbopack.root` in your 
Next.js config, or consider 
removing one of the 
lockfiles if it's not needed.
   See https://nextjs.org/doc
s/app/api-reference/config/ne
xt-config-js/turbopack#root-d
irectory for more 
information.
 Detected additional 
lockfiles: 
   * D:\proyectos antigravity
\Thoth\package-lock.json

Ôû▓ Next.js 16.2.10 (Turbopack)
- Environments: .env.local

ÔÜá The "middleware" file 
convention is deprecated. 
Please use "proxy" instead. 
Learn more: https://nextjs.or
g/docs/messages/middleware-to
-proxy
  Creating an optimized production build ...
Ô£ô Compiled successfully in 2.9s
  Running TypeScript ...
  Finished TypeScript in 2.8s ...
  Collecting page data using 7 workers ...
  Generating static pages using 7 workers (0/34) ...
  Generating static pages using 7 workers (8/34) 
  Generating static pages using 7 workers (16/34) 
  Generating static pages using 7 workers (25/34) 
Ô£ô Generating static pages using 7 workers (34/34) in 503ms
  Finalizing page optimization ...

Route (app)
Ôöî Ôùï /
Ôö£ Ôùï /_not-found
Ôö£ Ôùï /admin/configuracion
Ôö£ Ôùï /admin/contenidos
Ôö£ Ôùï /admin/empresas
Ôö£ Ôùï /admin/informes
Ôö£ Ôùï /admin/modelos
Ôö£ Ôùï /admin/normativa
Ôö£ Ôùï /admin/planes
Ôö£ Ôùï /admin/usuarios
Ôö£ Ôùï /admin/validacion
Ôö£ ãÆ /api/missions/evaluate
Ôö£ ãÆ /api/missions/generate
Ôö£ ãÆ /api/process
Ôö£ ãÆ /api/search
Ôö£ ãÆ /auth/signout
Ôö£ Ôùï /hr/actualizaciones
Ôö£ Ôùï /hr/competencias
Ôö£ Ôùï /hr/configuracion
Ôö£ Ôùï /hr/empleados
Ôö£ Ôùï /hr/evidencias
Ôö£ Ôùï /hr/formacion
Ôö£ Ôùï /hr/informes
Ôö£ Ôùï /hr/panel
Ôö£ Ôùï /hr/rutas
Ôö£ Ôùï /login
Ôö£ Ôùï /worker/competencias
Ôö£ Ôùï /worker/formacion
Ôö£ ãÆ /worker/formacion/[id]
Ôö£ Ôùï /worker/laboratorio
Ôö£ Ôùï /worker/misiones
Ôö£ Ôùï /worker/panel
Ôöö Ôùï /worker/progreso


ãÆ Proxy (Middleware)

Ôùï  (Static)   prerendered as static content
ãÆ  (Dynamic)  server-rendered on demand

