.next/dev/types/validator.ts(53,39): error TS2307: Cannot find module '../../../src/app/page.js' or its corresponding type declarations.
.next/dev/types/validator.ts(62,39): error TS2307: Cannot find module '../../../src/app/review/page.js' or its corresponding type declarations.
.next/dev/types/validator.ts(71,39): error TS2307: Cannot find module '../../../src/app/search/page.js' or its corresponding type declarations.
.next/types/validator.ts(62,39): error TS2307: Cannot find module '../../src/app/page.js' or its corresponding type declarations.
.next/types/validator.ts(71,39): error TS2307: Cannot find module '../../src/app/review/page.js' or its corresponding type declarations.
.next/types/validator.ts(80,39): error TS2307: Cannot find module '../../src/app/search/page.js' or its corresponding type declarations.
src/app/(dashboard)/page.tsx(4,26): error TS2307: Cannot find module '../lib/supabase' or its corresponding type declarations.
